Please enter input 1: Please enter input 2: Input 1: 1
Input 2: input2
